// Jest Snapshot v1, https://goo.gl/fbAQLP

exports[`renders ansi to html with css-variables theme 1`] = `
"<pre class=\\"shiki css-variables\\" style=\\"background-color: var(--shiki-color-background)\\" tabindex=\\"0\\"><code><span class=\\"line\\"></span>
<span class=\\"line\\"><span style=\\"color: var(--shiki-color-ansi-black)\\">black</span></span>
<span class=\\"line\\"><span style=\\"color: var(--shiki-color-ansi-black-dim)\\">black (dim)</span></span>
<span class=\\"line\\"><span style=\\"color: var(--shiki-color-ansi-red)\\">red</span></span>
<span class=\\"line\\"><span style=\\"color: var(--shiki-color-ansi-red-dim)\\">red (dim)</span></span>
<span class=\\"line\\"><span style=\\"color: var(--shiki-color-ansi-green)\\">green</span></span>
<span class=\\"line\\"><span style=\\"color: var(--shiki-color-ansi-green-dim)\\">green (dim)</span></span>
<span class=\\"line\\"><span style=\\"color: var(--shiki-color-ansi-yellow)\\">yellow</span></span>
<span class=\\"line\\"><span style=\\"color: var(--shiki-color-ansi-yellow-dim)\\">yellow (dim)</span></span>
<span class=\\"line\\"><span style=\\"color: var(--shiki-color-ansi-blue)\\">blue</span></span>
<span class=\\"line\\"><span style=\\"color: var(--shiki-color-ansi-blue-dim)\\">blue (dim)</span></span>
<span class=\\"line\\"><span style=\\"color: var(--shiki-color-ansi-magenta)\\">magenta</span></span>
<span class=\\"line\\"><span style=\\"color: var(--shiki-color-ansi-magenta-dim)\\">magenta (dim)</span></span>
<span class=\\"line\\"><span style=\\"color: var(--shiki-color-ansi-cyan)\\">cyan</span></span>
<span class=\\"line\\"><span style=\\"color: var(--shiki-color-ansi-cyan-dim)\\">cyan (dim)</span></span>
<span class=\\"line\\"><span style=\\"color: var(--shiki-color-ansi-white)\\">white</span></span>
<span class=\\"line\\"><span style=\\"color: var(--shiki-color-ansi-white-dim)\\">white (dim)</span></span>
<span class=\\"line\\"><span style=\\"color: var(--shiki-color-ansi-bright-black)\\">brightBlack</span></span>
<span class=\\"line\\"><span style=\\"color: var(--shiki-color-ansi-bright-black-dim)\\">brightBlack (dim)</span></span>
<span class=\\"line\\"><span style=\\"color: var(--shiki-color-ansi-bright-red)\\">brightRed</span></span>
<span class=\\"line\\"><span style=\\"color: var(--shiki-color-ansi-bright-red-dim)\\">brightRed (dim)</span></span>
<span class=\\"line\\"><span style=\\"color: var(--shiki-color-ansi-bright-green)\\">brightGreen</span></span>
<span class=\\"line\\"><span style=\\"color: var(--shiki-color-ansi-bright-green-dim)\\">brightGreen (dim)</span></span>
<span class=\\"line\\"><span style=\\"color: var(--shiki-color-ansi-bright-yellow)\\">brightYellow</span></span>
<span class=\\"line\\"><span style=\\"color: var(--shiki-color-ansi-bright-yellow-dim)\\">brightYellow (dim)</span></span>
<span class=\\"line\\"><span style=\\"color: var(--shiki-color-ansi-bright-blue)\\">brightBlue</span></span>
<span class=\\"line\\"><span style=\\"color: var(--shiki-color-ansi-bright-blue-dim)\\">brightBlue (dim)</span></span>
<span class=\\"line\\"><span style=\\"color: var(--shiki-color-ansi-bright-magenta)\\">brightMagenta</span></span>
<span class=\\"line\\"><span style=\\"color: var(--shiki-color-ansi-bright-magenta-dim)\\">brightMagenta (dim)</span></span>
<span class=\\"line\\"><span style=\\"color: var(--shiki-color-ansi-bright-cyan)\\">brightCyan</span></span>
<span class=\\"line\\"><span style=\\"color: var(--shiki-color-ansi-bright-cyan-dim)\\">brightCyan (dim)</span></span>
<span class=\\"line\\"><span style=\\"color: var(--shiki-color-ansi-bright-white)\\">brightWhite</span></span>
<span class=\\"line\\"><span style=\\"color: var(--shiki-color-ansi-bright-white-dim)\\">brightWhite (dim)</span></span>
<span class=\\"line\\"><span style=\\"color: var(--shiki-color-text); font-weight: bold\\">bold</span></span>
<span class=\\"line\\"><span style=\\"color: var(--shiki-color-text); font-style: italic\\">italic</span></span>
<span class=\\"line\\"><span style=\\"color: var(--shiki-color-text); font-style: italic\\">underline</span></span>
<span class=\\"line\\"><span style=\\"color: var(--shiki-color-text)\\">strikethrough</span></span>
<span class=\\"line\\"></span></code></pre>"
`;

exports[`renders ansi to html with default theme 1`] = `
"<pre class=\\"shiki monokai\\" style=\\"background-color: #272822\\" tabindex=\\"0\\"><code><span class=\\"line\\"><span style=\\"color: #333333\\"> WARN </span><span style=\\"color: #F8F8F2\\"> using --force I sure hope you know what you are doing</span></span>
<span class=\\"line\\"><span style=\\"color: #F8F8F2\\">Scope: all 6 workspace projects</span></span>
<span class=\\"line\\"><span style=\\"color: #F8F8F2\\">Lockfile is up to date, resolution step is skipped</span></span>
<span class=\\"line\\"><span style=\\"color: #F8F8F2\\">Packages: </span><span style=\\"color: #86B42B\\">+952</span></span>
<span class=\\"line\\"><span style=\\"color: #86B42B\\">++++++++++++++++++++++++++++++++++++++++++++++++++++++++++++++++++++++++++++++</span></span>
<span class=\\"line\\"><span style=\\"color: #F8F8F2\\">Progress: resolved </span><span style=\\"color: #F8F8F2\\">952</span><span style=\\"color: #F8F8F2\\">, reused </span><span style=\\"color: #F8F8F2\\">910</span><span style=\\"color: #F8F8F2\\">, downloaded </span><span style=\\"color: #F8F8F2\\">42</span><span style=\\"color: #F8F8F2\\">, added </span><span style=\\"color: #F8F8F2\\">952</span><span style=\\"color: #F8F8F2\\">, done</span></span>
<span class=\\"line\\"><span style=\\"color: #F8F8F2\\">Done in 15.7s</span></span></code></pre>"
`;

exports[`renders ansi to html with provided theme 1`] = `
"<pre class=\\"shiki nord\\" style=\\"background-color: #2e3440ff\\" tabindex=\\"0\\"><code><span class=\\"line\\"><span style=\\"color: #3b4252\\"> WARN </span><span style=\\"color: #d8dee9ff\\"> using --force I sure hope you know what you are doing</span></span>
<span class=\\"line\\"><span style=\\"color: #d8dee9ff\\">Scope: all 6 workspace projects</span></span>
<span class=\\"line\\"><span style=\\"color: #d8dee9ff\\">Lockfile is up to date, resolution step is skipped</span></span>
<span class=\\"line\\"><span style=\\"color: #d8dee9ff\\">Packages: </span><span style=\\"color: #a3be8c\\">+952</span></span>
<span class=\\"line\\"><span style=\\"color: #a3be8c\\">++++++++++++++++++++++++++++++++++++++++++++++++++++++++++++++++++++++++++++++</span></span>
<span class=\\"line\\"><span style=\\"color: #d8dee9ff\\">Progress: resolved </span><span style=\\"color: #d8dee9ff\\">952</span><span style=\\"color: #d8dee9ff\\">, reused </span><span style=\\"color: #d8dee9ff\\">910</span><span style=\\"color: #d8dee9ff\\">, downloaded </span><span style=\\"color: #d8dee9ff\\">42</span><span style=\\"color: #d8dee9ff\\">, added </span><span style=\\"color: #d8dee9ff\\">952</span><span style=\\"color: #d8dee9ff\\">, done</span></span>
<span class=\\"line\\"><span style=\\"color: #d8dee9ff\\">Done in 15.7s</span></span></code></pre>"
`;

exports[`renders ansi to tokens 1`] = `
Array [
  Array [
    Object {
      "color": "#333333",
      "content": " WARN ",
      "fontStyle": 0,
    },
    Object {
      "color": "#F8F8F2",
      "content": " using --force I sure hope you know what you are doing",
      "fontStyle": 0,
    },
  ],
  Array [
    Object {
      "color": "#F8F8F2",
      "content": "Scope: all 6 workspace projects",
      "fontStyle": 0,
    },
  ],
  Array [
    Object {
      "color": "#F8F8F2",
      "content": "Lockfile is up to date, resolution step is skipped",
      "fontStyle": 0,
    },
  ],
  Array [
    Object {
      "color": "#F8F8F2",
      "content": "Packages: ",
      "fontStyle": 0,
    },
    Object {
      "color": "#86B42B",
      "content": "+952",
      "fontStyle": 0,
    },
  ],
  Array [
    Object {
      "color": "#86B42B",
      "content": "++++++++++++++++++++++++++++++++++++++++++++++++++++++++++++++++++++++++++++++",
      "fontStyle": 0,
    },
  ],
  Array [
    Object {
      "color": "#F8F8F2",
      "content": "Progress: resolved ",
      "fontStyle": 0,
    },
    Object {
      "color": "#F8F8F2",
      "content": "952",
      "fontStyle": 0,
    },
    Object {
      "color": "#F8F8F2",
      "content": ", reused ",
      "fontStyle": 0,
    },
    Object {
      "color": "#F8F8F2",
      "content": "910",
      "fontStyle": 0,
    },
    Object {
      "color": "#F8F8F2",
      "content": ", downloaded ",
      "fontStyle": 0,
    },
    Object {
      "color": "#F8F8F2",
      "content": "42",
      "fontStyle": 0,
    },
    Object {
      "color": "#F8F8F2",
      "content": ", added ",
      "fontStyle": 0,
    },
    Object {
      "color": "#F8F8F2",
      "content": "952",
      "fontStyle": 0,
    },
    Object {
      "color": "#F8F8F2",
      "content": ", done",
      "fontStyle": 0,
    },
  ],
  Array [
    Object {
      "color": "#F8F8F2",
      "content": "Done in 15.7s",
      "fontStyle": 0,
    },
  ],
]
`;
